// Jest Snapshot v1, https://goo.gl/fbAQLP

exports[`Anime List check snapshot created with data 1`] = `
<main>
  <div
    className="anime_main_list"
  >
    <div
      className="infinite-scroll-component__outerdiv"
      style={Object {}}
    >
      <div
        className="infinite-scroll-component "
        style={
          Object {
            "WebkitOverflowScrolling": "touch",
            "height": "auto",
            "overflow": "auto",
          }
        }
      >
        <div>
          <div
            className="list_item"
          >
            <div
              className="left_side"
            >
              <img
                alt="anime"
                src="https://media.kitsu.io/anime/poster_images/12/medium.jpg"
              />
            </div>
            <div
              className="right_side"
            >
              <div
                className="anime_item_title"
              >
                <span
                  onClick={[Function]}
                  role="button"
                >
                  One Piece
                </span>
              </div>
              <div
                className="anime_item_extra"
              >
                <div>
                  <span>
                     Rating: 
                  </span>
                  <span>
                     
                    83.1
                     
                  </span>
                </div>
                <div>
                  <span>
                     Type: 
                  </span>
                  <span>
                     
                    TV
                     
                  </span>
                </div>
                <div>
                  <span>
                     Episodes: 
                  </span>
                  <span>
                     
                    Unknown
                     
                  </span>
                </div>
              </div>
              <div>
                <div
                  className="clamp"
                >
                  Gol D. Roger was known as the "Pirate King"
                </div>
                <span
                  className="clamp_button"
                  onClick={[Function]}
                >
                  Read 
                  more
                </span>
              </div>
            </div>
          </div>
          <div
            className="list_item"
          >
            <div
              className="left_side"
            >
              <img
                alt="anime"
                src="https://media.kitsu.io/anime/poster_images/12/medium.jpg"
              />
            </div>
            <div
              className="right_side"
            >
              <div
                className="anime_item_title"
              >
                <span
                  onClick={[Function]}
                  role="button"
                >
                  Naruto
                </span>
              </div>
              <div
                className="anime_item_extra"
              >
                <div>
                  <span>
                     Rating: 
                  </span>
                  <span>
                     
                    97.1
                     
                  </span>
                </div>
                <div>
                  <span>
                     Type: 
                  </span>
                  <span>
                     
                    TV
                     
                  </span>
                </div>
                <div>
                  <span>
                     Episodes: 
                  </span>
                  <span>
                     
                    Unknown
                     
                  </span>
                </div>
              </div>
              <div>
                <div
                  className="clamp"
                >
                  Naruto is a boy shinobi...
                </div>
                <span
                  className="clamp_button"
                  onClick={[Function]}
                >
                  Read 
                  more
                </span>
              </div>
            </div>
          </div>
        </div>
        <div
          className="loader"
        >
          <div
            aria-busy="true"
            className=""
            style={Object {}}
          >
            <svg
              aria-label="audio-loading"
              fill="#00BFFF"
              height={100}
              viewBox="0 0 120 30"
              width={100}
              xmlns="http://www.w3.org/2000/svg"
            >
              <circle
                cx="15"
                cy="15"
                r={15}
              >
                <animate
                  attributeName="r"
                  begin="0s"
                  calcMode="linear"
                  dur="0.8s"
                  from="15"
                  repeatCount="indefinite"
                  to="15"
                  values="15;9;15"
                />
                <animate
                  attributeName="fillOpacity"
                  begin="0s"
                  calcMode="linear"
                  dur="0.8s"
                  from="1"
                  repeatCount="indefinite"
                  to="1"
                  values="1;.5;1"
                />
              </circle>
              <circle
                attributeName="fillOpacity"
                cx="60"
                cy="15"
                from="1"
                r={9}
                to="0.3"
              >
                <animate
                  attributeName="r"
                  begin="0s"
                  calcMode="linear"
                  dur="0.8s"
                  from="9"
                  repeatCount="indefinite"
                  to="9"
                  values="9;15;9"
                />
                <animate
                  attributeName="fillOpacity"
                  begin="0s"
                  calcMode="linear"
                  dur="0.8s"
                  from="0.5"
                  repeatCount="indefinite"
                  to="0.5"
                  values=".5;1;.5"
                />
              </circle>
              <circle
                cx="105"
                cy="15"
                r={15}
              >
                <animate
                  attributeName="r"
                  begin="0s"
                  calcMode="linear"
                  dur="0.8s"
                  from="15"
                  repeatCount="indefinite"
                  to="15"
                  values="15;9;15"
                />
                <animate
                  attributeName="fillOpacity"
                  begin="0s"
                  calcMode="linear"
                  dur="0.8s"
                  from="1"
                  repeatCount="indefinite"
                  to="1"
                  values="1;.5;1"
                />
              </circle>
            </svg>
          </div>
        </div>
      </div>
    </div>
  </div>
</main>
`;
