// Jest Snapshot v1, https://goo.gl/fbAQLP

exports[`Not found renders correctly snapshot 1`] = `
<div
  className="not_found"
>
  <h1>
     404 Not found 
  </h1>
</div>
`;
